[2026-06-22 15:31:52] Utilizador ID: 1 | Nome: Administrador MedCtrl | Ação: Inativou equipamento | Tabela: equipamentos | Registo ID: 10 | Detalhes: Equipamento inativado: EQ006 - Ecógrafo
[2026-06-22 16:32:40] Utilizador ID: 1 | Nome: Administrador MedCtrl | Ação: Inativou equipamento | Tabela: equipamentos | Registo ID: 9 | Detalhes: Equipamento inativado: EQ005 - Desfibrilhador
[2026-06-22 16:33:59] Utilizador ID: 1 | Nome: Administrador MedCtrl | Ação: Reativou fornecedor | Tabela: fornecedores | Registo ID: 6 | Detalhes: Fornecedor reativado: Samsung
[2026-06-22 22:54:20] Utilizador ID: 1 | Nome: Administrador MedCtrl | Ação: Exportou equipamentos em CSV | Tabela: equipamentos | Registo ID: - | Detalhes: Lista de equipamentos exportada em formato CSV.
[2026-06-22 23:01:47] Utilizador ID: 1 | Nome: Administrador MedCtrl | Ação: Editou documento | Tabela: documentos | Registo ID: 3 | Detalhes: Documento atualizado: Relatório Manutenção ECG TC70
[2026-06-22 23:11:37] Utilizador ID: 1 | Nome: Administrador MedCtrl | Ação: Exportou fornecedores em CSV | Tabela: fornecedores | Registo ID: - | Detalhes: Lista de fornecedores exportada em formato CSV.
[2026-06-23 00:44:58] Utilizador ID: 1 | Nome: Administrador MedCtrl | Ação: Exportou documentação em CSV | Tabela: documentos | Registo ID: - | Detalhes: Lista de documentos exportada em formato CSV.
[2026-06-23 00:53:57] Utilizador ID: 1 | Nome: Administrador MedCtrl | Ação: Eliminou mensagem de contacto | Tabela: mensagens_contacto | Registo ID: 4 | Detalhes: Mensagem eliminada. Remetente: Leonor Alves | Email: leonor.alves@gmail.com
[2026-06-23 00:54:00] Utilizador ID: 1 | Nome: Administrador MedCtrl | Ação: Eliminou mensagem de contacto | Tabela: mensagens_contacto | Registo ID: 5 | Detalhes: Mensagem eliminada. Remetente: Leonor Alves | Email: leonor.alves@gmail.com
[2026-06-23 00:54:07] Utilizador ID: 1 | Nome: Administrador MedCtrl | Ação: Eliminou mensagem de contacto | Tabela: mensagens_contacto | Registo ID: 3 | Detalhes: Mensagem eliminada. Remetente: Leonor Alves | Email: leonor.alves@gmail.com
[2026-06-23 01:16:03] Utilizador ID: 1 | Nome: Administrador MedCtrl | Ação: Logout efetuado | Tabela: utilizadores | Registo ID: 1 | Detalhes: Utilizador terminou sessão.
[2026-06-23 01:16:09] Utilizador ID: 1 | Nome: Administrador MedCtrl | Ação: Login efetuado | Tabela: utilizadores | Registo ID: 1 | Detalhes: Utilizador autenticado com sucesso.
[2026-06-23 16:52:21] Utilizador ID: 1 | Nome: Administrador MedCtrl | Ação: Logout efetuado | Tabela: utilizadores | Registo ID: 1 | Detalhes: Utilizador terminou sessão.
[2026-06-23 16:52:46] Utilizador ID: 1 | Nome: Clara Pereira | Ação: Login efetuado | Tabela: utilizadores | Registo ID: 1 | Detalhes: Utilizador autenticado com sucesso.
[2026-06-23 16:52:57] Utilizador ID: 1 | Nome: Clara Pereira | Ação: Logout efetuado | Tabela: utilizadores | Registo ID: 1 | Detalhes: Utilizador terminou sessão.
[2026-06-23 16:53:38] Utilizador ID: 2 | Nome: Miguel Santos | Ação: Login efetuado | Tabela: utilizadores | Registo ID: 2 | Detalhes: Utilizador autenticado com sucesso.
[2026-06-23 16:53:59] Utilizador ID: 2 | Nome: Miguel Santos | Ação: Logout efetuado | Tabela: utilizadores | Registo ID: 2 | Detalhes: Utilizador terminou sessão.
[2026-06-23 16:54:06] Utilizador ID: sem sessão | Nome: sem utilizador | Ação: Tentativa de login falhada | Tabela: utilizadores | Registo ID: - | Detalhes: Email utilizado: admin@medctrl.pt
[2026-06-23 16:54:11] Utilizador ID: sem sessão | Nome: sem utilizador | Ação: Tentativa de login falhada | Tabela: utilizadores | Registo ID: - | Detalhes: Email utilizado: admin@medctrl.pt
[2026-06-23 16:54:47] Utilizador ID: 3 | Nome: Ana Ribeiro | Ação: Login efetuado | Tabela: utilizadores | Registo ID: 3 | Detalhes: Utilizador autenticado com sucesso.
[2026-06-23 17:35:58] Utilizador ID: 3 | Nome: Ana Ribeiro | Ação: Logout efetuado | Tabela: utilizadores | Registo ID: 3 | Detalhes: Utilizador terminou sessão.
[2026-06-23 17:36:32] Utilizador ID: 1 | Nome: Clara Pereira | Ação: Login efetuado | Tabela: utilizadores | Registo ID: 1 | Detalhes: Utilizador autenticado com sucesso.
[2026-06-23 17:36:38] Utilizador ID: 1 | Nome: Clara Pereira | Ação: Logout efetuado | Tabela: utilizadores | Registo ID: 1 | Detalhes: Utilizador terminou sessão.
[2026-06-23 17:37:39] Utilizador ID: 2 | Nome: Miguel Santos | Ação: Login efetuado | Tabela: utilizadores | Registo ID: 2 | Detalhes: Utilizador autenticado com sucesso.
[2026-06-23 17:37:49] Utilizador ID: 2 | Nome: Miguel Santos | Ação: Logout efetuado | Tabela: utilizadores | Registo ID: 2 | Detalhes: Utilizador terminou sessão.
[2026-06-23 17:38:10] Utilizador ID: 3 | Nome: Ana Ribeiro | Ação: Login efetuado | Tabela: utilizadores | Registo ID: 3 | Detalhes: Utilizador autenticado com sucesso.
[2026-06-23 17:39:57] Utilizador ID: 3 | Nome: Ana Ribeiro | Ação: Logout efetuado | Tabela: utilizadores | Registo ID: 3 | Detalhes: Utilizador terminou sessão.
[2026-06-23 17:40:09] Utilizador ID: 1 | Nome: Clara Pereira | Ação: Login efetuado | Tabela: utilizadores | Registo ID: 1 | Detalhes: Utilizador autenticado com sucesso.
[2026-06-23 18:47:34] Utilizador ID: 1 | Nome: Clara Pereira | Ação: Logout efetuado | Tabela: utilizadores | Registo ID: 1 | Detalhes: Utilizador terminou sessão.
[2026-06-23 18:47:45] Utilizador ID: 3 | Nome: Ana Ribeiro | Ação: Login efetuado | Tabela: utilizadores | Registo ID: 3 | Detalhes: Utilizador autenticado com sucesso.
[2026-06-23 18:52:15] Utilizador ID: 3 | Nome: Ana Ribeiro | Ação: Logout efetuado | Tabela: utilizadores | Registo ID: 3 | Detalhes: Utilizador terminou sessão.
[2026-06-23 18:52:24] Utilizador ID: 1 | Nome: Clara Pereira | Ação: Login efetuado | Tabela: utilizadores | Registo ID: 1 | Detalhes: Utilizador autenticado com sucesso.
[2026-06-23 18:56:53] Utilizador ID: 1 | Nome: Clara Pereira | Ação: Logout efetuado | Tabela: utilizadores | Registo ID: 1 | Detalhes: Utilizador terminou sessão.
[2026-06-23 18:57:17] Utilizador ID: 3 | Nome: Ana Ribeiro | Ação: Login efetuado | Tabela: utilizadores | Registo ID: 3 | Detalhes: Utilizador autenticado com sucesso.
[2026-06-23 18:59:14] Utilizador ID: 3 | Nome: Ana Ribeiro | Ação: Logout efetuado | Tabela: utilizadores | Registo ID: 3 | Detalhes: Utilizador terminou sessão.
[2026-06-23 18:59:30] Utilizador ID: 2 | Nome: Miguel Santos | Ação: Login efetuado | Tabela: utilizadores | Registo ID: 2 | Detalhes: Utilizador autenticado com sucesso.
[2026-06-23 19:04:18] Utilizador ID: 2 | Nome: Miguel Santos | Ação: Exportou equipamentos em JSON | Tabela: equipamentos | Registo ID: - | Detalhes: Lista de equipamentos exportada em formato JSON.
